digraph {
	1 [label=C]
	5 [label=definition]
	1 -> 5
	6 [label=int]
	5 -> 6
	7 [label=assignment2]
	5 -> 7
	8 [label=c]
	7 -> 8
	16 [label=1]
	7 -> 16
}
