digraph {
	1 [label=C]
	3 [label=definition]
	1 -> 3
	4 [label=int]
	3 -> 4
	5 [label=c]
	3 -> 5
}
