digraph {
	1 [label=C]
	3 [label=scope]
	1 -> 3
}
